// Jest Snapshot v1, https://goo.gl/fbAQLP

exports[`<Button /> should render the button with the correct text 1`] = `
<button
  class="flex items-center justify-center gap-2 rounded-lg bg-sky-600 px-4 py-3 text-gray-50 transition-all hover:bg-sky-500 disabled:opacity-50"
>
  Click me!
</button>
`;
