// Jest Snapshot v1, https://goo.gl/fbAQLP

exports[`<Footer /> should render footer with provided text props 1`] = `
<footer
  class="flex h-14 w-full items-center justify-center bg-gray-950"
>
  <span
    class="flex items-center gap-1.5 font-mono text-xs text-gray-400 sm:text-sm"
  >
    Made with
    <svg
      aria-label="Heart icon"
      class="text-sky-500"
      fill="currentColor"
      height="13"
      stroke="currentColor"
      stroke-width="0"
      viewBox="0 0 512 512"
      width="13"
      xmlns="http://www.w3.org/2000/svg"
    >
      <path
        d="M256 448l-30.164-27.211C118.718 322.442 48 258.61 48 179.095 48 114.221 97.918 64 162.4 64c36.399 0 70.717 16.742 93.6 43.947C278.882 80.742 313.199 64 349.6 64 414.082 64 464 114.221 464 179.095c0 79.516-70.719 143.348-177.836 241.694L256 448z"
      />
    </svg>
    by
    <strong
      class="font-medium"
    >
      Willian Souza
    </strong>
  </span>
</footer>
`;
