// Jest Snapshot v1, https://goo.gl/fbAQLP

exports[`<SectionTitle /> renders the title and subtitle with default styles 1`] = `
<div>
  <div
    class="flex flex-col gap-4"
  >
    <span
      class="font-mono text-sm text-sky-400"
      exit="[object Object]"
      initial="[object Object]"
      transition="[object Object]"
      whileinview="[object Object]"
    >
      ../Test Subtitle
    </span>
    <h3
      class="text-3xl font-medium"
      exit="[object Object]"
      initial="[object Object]"
      transition="[object Object]"
      whileinview="[object Object]"
    >
      Test Title
    </h3>
  </div>
</div>
`;
