// Jest Snapshot v1, https://goo.gl/fbAQLP

exports[`<ContactForm /> renders the form fields and button after animation 1`] = `
<section
  class="flex items-center justify-center bg-gray-950 px-6 py-16 md:py-32"
  id="contact"
>
  <div
    class="mx-auto w-full max-w-[420px]"
  >
    <div>
      <h1>
        Contact Us
      </h1>
      <h2>
        We would love to hear from you
      </h2>
    </div>
    <form
      class="mt-12 flex w-full flex-col gap-4"
      style="opacity: 0; transform: translateY(50px);"
    >
      <input
        class="h-14 w-full rounded-lg bg-gray-800 p-4 text-gray-50 ring-sky-600 placeholder:text-gray-400 focus:outline-none focus:ring-2"
        name="name"
        placeholder="Your Name"
      />
      <input
        class="h-14 w-full rounded-lg bg-gray-800 p-4 text-gray-50 ring-sky-600 placeholder:text-gray-400 focus:outline-none focus:ring-2"
        name="email"
        placeholder="E-mail"
        type="email"
      />
      <textarea
        class="h-[138px] w-full resize-none rounded-lg bg-gray-800 p-4 text-gray-50 ring-sky-600 placeholder:text-gray-400 focus:outline-none focus:ring-2"
        maxlength="500"
        name="message"
        placeholder="Your Message"
      />
      <div
        class="relative mx-auto mt-6 w-max"
      >
        <button
          class="flex items-center justify-center gap-2 rounded-lg bg-sky-600 px-4 py-3 text-gray-50 transition-all hover:bg-sky-500 disabled:opacity-50 relative z-[2]"
        >
          Send Message
          <svg
            aria-hidden="true"
            fill="currentColor"
            height="18"
            stroke="currentColor"
            stroke-width="0"
            viewBox="0 0 20 20"
            width="18"
            xmlns="http://www.w3.org/2000/svg"
          >
            <path
              clip-rule="evenodd"
              d="M12.293 5.293a1 1 0 011.414 0l4 4a1 1 0 010 1.414l-4 4a1 1 0 01-1.414-1.414L14.586 11H3a1 1 0 110-2h11.586l-2.293-2.293a1 1 0 010-1.414z"
              fill-rule="evenodd"
            />
          </svg>
        </button>
        <div
          class="absolute inset-0 bg-sky-600 opacity-20 blur-2xl"
        />
      </div>
    </form>
  </div>
</section>
`;
