// Jest Snapshot v1, https://goo.gl/fbAQLP

exports[`Toaster component renders the ToasterProvider 1`] = `
<div
  data-testid="toaster-provider"
/>
`;
