// Jest Snapshot v1, https://goo.gl/fbAQLP

exports[`<RichTextComponent /> renders a single paragraph correctly 1`] = `
<div
  class="text-gray-400"
>
  <div
    class="payload-richtext"
  >
    <p>
      Homepage
    </p>
  </div>
</div>
`;
